// Jest Snapshot v1, https://goo.gl/fbAQLP

exports[`authentication should return logged in user message 1`] = `
Object {
  "message": "Hello Jack Daniels",
}
`;
